#
# There is insufficient memory for the Java Runtime Environment to continue.
# Native memory allocation (malloc) failed to allocate 223456 bytes. Error detail: Chunk::new
# Possible reasons:
#   The system is out of physical RAM or swap space
# Possible solutions:
#   Reduce memory load on the system
#   Increase physical memory or swap space
#   Check if swap backing store is full
#   Decrease Java heap size (-Xmx/-Xms)
#   Decrease number of Java threads
#   Decrease Java thread stack sizes (-Xss)
#   Set larger code cache with -XX:ReservedCodeCacheSize=
# This output file may be truncated or incomplete.
#
#  Out of Memory Error (arena.cpp:168), pid=20164, tid=7656
#
# JRE version: OpenJDK Runtime Environment Temurin-21.0.12.1+1 (21.0.12.1+1) (build 21.0.12.1+1-LTS)
# Java VM: OpenJDK 64-Bit Server VM Temurin-21.0.12.1+1 (21.0.12.1+1-LTS, mixed mode, sharing, tiered, compressed class ptrs, parallel gc, windows-amd64)
# No core dump will be written. Minidumps are not enabled by default on client versions of Windows
#

---------------  S U M M A R Y ------------

Command Line: --add-modules=ALL-SYSTEM --add-opens=java.base/java.util=ALL-UNNAMED --add-opens=java.base/java.lang=ALL-UNNAMED --add-opens=java.base/sun.nio.fs=ALL-UNNAMED -Declipse.application=org.eclipse.jdt.ls.core.id1 -Dosgi.bundles.defaultStartLevel=4 -Declipse.product=org.eclipse.jdt.ls.core.product -Djava.import.generatesMetadataFilesAtProjectRoot=false -Dm2e.project.cache.size=50 -DDetectVMInstallationsJob.disabled=true -Dfile.encoding=utf8 -XX:+UseParallelGC -XX:GCTimeRatio=4 -XX:AdaptiveSizePolicyWeight=90 -Dsun.zip.disableMemoryMapping=true -Xmx256G -Xms100m -Xlog:disable -javaagent:c:\Users\Rayeen\.vscode\extensions\redhat.java-1.56.0-win32-x64\lombok\lombok-1.18.39-4050.jar -XX:+HeapDumpOnOutOfMemoryError -XX:HeapDumpPath=c:\Users\Rayeen\AppData\Roaming\Code\User\workspaceStorage\3e0dce75feae88b63fd089b9ae88c025\redhat.java -Daether.dependencyCollector.impl=bf c:\Users\Rayeen\.vscode\extensions\redhat.java-1.56.0-win32-x64\server\plugins\org.eclipse.equinox.launcher_1.8.0.v20260804-1928.jar -configuration c:\Users\Rayeen\AppData\Roaming\Code\User\globalStorage\redhat.java\1.56.0\config_win -data c:\Users\Rayeen\AppData\Roaming\Code\User\workspaceStorage\3e0dce75feae88b63fd089b9ae88c025\redhat.java\jdt_ws --pipe=\\.\pipe\lsp-b143fdd0680d12a25e33d1e1e535b2aa-sock

Host: 13th Gen Intel(R) Core(TM) i5-13420H, 12 cores, 15G,  Windows 11 , 64 bit Build 26100 (10.0.26100.9444)
Time: Sun Sep 27 15:32:35 2026 India Standard Time elapsed time: 118.419959 seconds (0d 0h 1m 58s)

---------------  T H R E A D  ---------------

Current thread (0x0000028e3e8b1440):  JavaThread "C2 CompilerThread0" daemon [_thread_in_native, id=7656, stack(0x0000007704a00000,0x0000007704b00000) (1024K)]


Current CompileTask:
C2:118420 18259       4       java.net.URI::needsNormalization (184 bytes)

Stack: [0x0000007704a00000,0x0000007704b00000]
Native frames: (J=compiled Java code, j=interpreted, Vv=VM code, C=native code)
V  [jvm.dll+0x6d83e9]
V  [jvm.dll+0x8b5736]
V  [jvm.dll+0x8b7cee]
V  [jvm.dll+0x8b83d3]
V  [jvm.dll+0x284596]
V  [jvm.dll+0xc685d]
V  [jvm.dll+0xc6da1]
V  [jvm.dll+0x2fb5ae]
V  [jvm.dll+0x5fee94]
V  [jvm.dll+0x255d67]
V  [jvm.dll+0x25612d]
V  [jvm.dll+0x24e6a0]
V  [jvm.dll+0x24bbe6]
V  [jvm.dll+0x1cb4ae]
V  [jvm.dll+0x25baad]
V  [jvm.dll+0x25a03a]
V  [jvm.dll+0x3f8aae]
V  [jvm.dll+0x8600cd]
V  [jvm.dll+0x6d6c1d]
C  [ucrtbase.dll+0x2cd30]
C  [KERNEL32.DLL+0x2cd87]
C  [ntdll.dll+0xacaec]


---------------  P R O C E S S  ---------------

Threads class SMR info:
_java_thread_list=0x0000028e47130800, length=87, elements={
0x0000024bc98bf3d0, 0x0000028e3e8944b0, 0x0000028e3e8967e0, 0x0000028e3e899840,
0x0000028e3e89a4a0, 0x0000028e3e89e710, 0x0000028e3e8a7d80, 0x0000028e3e8b1440,
0x0000028e3e8b8840, 0x0000028e3e8a76f0, 0x0000028e3e8a4900, 0x0000028e3e8a4f90,
0x0000028e3e8a6340, 0x0000028e3e8a5620, 0x0000028e3e8a5cb0, 0x0000028e3e8a69d0,
0x0000028e3e8a7060, 0x0000028e43eadca0, 0x0000028e43eabbd0, 0x0000028e43eaaeb0,
0x0000028e43eab540, 0x0000028e43eae330, 0x0000028e43eae9c0, 0x0000028e43eaf050,
0x0000028e43eaf6e0, 0x0000028e43eac260, 0x0000028e43eafd70, 0x0000028e43eac8f0,
0x0000028e43eb0400, 0x0000028e43eacf80, 0x0000028e43eb1e40, 0x0000028e43eb0a90,
0x0000028e43eb1120, 0x0000028e43eb17b0, 0x0000028e43eb24d0, 0x0000028e4444d060,
0x0000028e4444f7c0, 0x0000028e4444e410, 0x0000028e4444eaa0, 0x0000028e444504e0,
0x0000028e4444dd80, 0x0000028e44450b70, 0x0000028e4444fe50, 0x0000028e4444d6f0,
0x0000028e44453ff0, 0x0000028e444532d0, 0x0000028e44451200, 0x0000028e44453960,
0x0000028e44454680, 0x0000028e44451890, 0x0000028e44451f20, 0x0000028e44452c40,
0x0000028e466c86d0, 0x0000028e466c6600, 0x0000028e466cc1e0, 0x0000028e466cd590,
0x0000028e466ca7a0, 0x0000028e466cc870, 0x0000028e466cae30, 0x0000028e466cb4c0,
0x0000028e466cbb50, 0x0000028e43ead610, 0x0000028e47825fe0, 0x0000028e47822b60,
0x0000028e478252c0, 0x0000028e47823880, 0x0000028e47826670, 0x0000028e47825950,
0x0000028e47826d00, 0x0000028e47827390, 0x0000028e47823f10, 0x0000028e478245a0,
0x0000028e47827a20, 0x0000028e478280b0, 0x0000028e47824c30, 0x0000028e47828dd0,
0x0000028e515577d0, 0x0000028e51554350, 0x0000028e51557e60, 0x0000028e515549e0,
0x0000028e51558b80, 0x0000028e5155b2e0, 0x0000028e515584f0, 0x0000028e51559210,
0x0000028e515598a0, 0x0000028e51559f30, 0x0000028e5155a5c0
}

Java Threads: ( => current thread )
  0x0000024bc98bf3d0 JavaThread "main"                              [_thread_blocked, id=23828, stack(0x0000007704000000,0x0000007704100000) (1024K)]
  0x0000028e3e8944b0 JavaThread "Reference Handler"          daemon [_thread_blocked, id=10352, stack(0x0000007704400000,0x0000007704500000) (1024K)]
  0x0000028e3e8967e0 JavaThread "Finalizer"                  daemon [_thread_blocked, id=936, stack(0x0000007704500000,0x0000007704600000) (1024K)]
  0x0000028e3e899840 JavaThread "Signal Dispatcher"          daemon [_thread_blocked, id=28264, stack(0x0000007704600000,0x0000007704700000) (1024K)]
  0x0000028e3e89a4a0 JavaThread "Attach Listener"            daemon [_thread_blocked, id=20528, stack(0x0000007704700000,0x0000007704800000) (1024K)]
  0x0000028e3e89e710 JavaThread "Service Thread"             daemon [_thread_blocked, id=11736, stack(0x0000007704800000,0x0000007704900000) (1024K)]
  0x0000028e3e8a7d80 JavaThread "Monitor Deflation Thread"   daemon [_thread_blocked, id=14896, stack(0x0000007704900000,0x0000007704a00000) (1024K)]
=>0x0000028e3e8b1440 JavaThread "C2 CompilerThread0"         daemon [_thread_in_native, id=7656, stack(0x0000007704a00000,0x0000007704b00000) (1024K)]
  0x0000028e3e8b8840 JavaThread "C1 CompilerThread0"         daemon [_thread_blocked, id=27016, stack(0x0000007704b00000,0x0000007704c00000) (1024K)]
  0x0000028e3e8a76f0 JavaThread "Common-Cleaner"             daemon [_thread_blocked, id=24588, stack(0x0000007704d00000,0x0000007704e00000) (1024K)]
  0x0000028e3e8a4900 JavaThread "Notification Thread"        daemon [_thread_blocked, id=25080, stack(0x0000007704e00000,0x0000007704f00000) (1024K)]
  0x0000028e3e8a4f90 JavaThread "Active Thread: Equinox Container: cb1b0a6a-070d-4b6b-9f14-48360082d677"        [_thread_blocked, id=28232, stack(0x0000007705600000,0x0000007705700000) (1024K)]
  0x0000028e3e8a6340 JavaThread "Refresh Thread: Equinox Container: cb1b0a6a-070d-4b6b-9f14-48360082d677" daemon [_thread_blocked, id=10652, stack(0x0000007704c00000,0x0000007704d00000) (1024K)]
  0x0000028e3e8a5620 JavaThread "Framework Event Dispatcher: Equinox Container: cb1b0a6a-070d-4b6b-9f14-48360082d677" daemon [_thread_blocked, id=7048, stack(0x0000007704f00000,0x0000007705000000) (1024K)]
  0x0000028e3e8a5cb0 JavaThread "Start Level: Equinox Container: cb1b0a6a-070d-4b6b-9f14-48360082d677" daemon [_thread_blocked, id=20784, stack(0x0000007705800000,0x0000007705900000) (1024K)]
  0x0000028e3e8a69d0 JavaThread "Bundle File Closer"         daemon [_thread_blocked, id=3384, stack(0x0000007705900000,0x0000007705a00000) (1024K)]
  0x0000028e3e8a7060 JavaThread "SCR Component Actor"        daemon [_thread_blocked, id=23300, stack(0x0000007703e00000,0x0000007703f00000) (1024K)]
  0x0000028e43eadca0 JavaThread "Worker-JM"                         [_thread_blocked, id=21332, stack(0x0000007705e00000,0x0000007705f00000) (1024K)]
  0x0000028e43eabbd0 JavaThread "JNA Cleaner"                daemon [_thread_blocked, id=10496, stack(0x0000007705c00000,0x0000007705d00000) (1024K)]
  0x0000028e43eaaeb0 JavaThread "Worker-1"                          [_thread_blocked, id=7884, stack(0x0000007705f00000,0x0000007706000000) (1024K)]
  0x0000028e43eab540 JavaThread "Java indexing"              daemon [_thread_blocked, id=28488, stack(0x0000007706200000,0x0000007706300000) (1024K)]
  0x0000028e43eae330 JavaThread "Worker-2"                          [_thread_blocked, id=8084, stack(0x0000007706300000,0x0000007706400000) (1024K)]
  0x0000028e43eae9c0 JavaThread "Worker-3"                          [_thread_blocked, id=1668, stack(0x0000007706600000,0x0000007706700000) (1024K)]
  0x0000028e43eaf050 JavaThread "Worker-4"                          [_thread_blocked, id=12296, stack(0x0000007706700000,0x0000007706800000) (1024K)]
  0x0000028e43eaf6e0 JavaThread "Thread-1"                   daemon [_thread_in_native, id=23176, stack(0x0000007706800000,0x0000007706900000) (1024K)]
  0x0000028e43eac260 JavaThread "Thread-2"                   daemon [_thread_in_native, id=26012, stack(0x0000007706900000,0x0000007706a00000) (1024K)]
  0x0000028e43eafd70 JavaThread "Thread-3"                   daemon [_thread_in_native, id=22612, stack(0x0000007706a00000,0x0000007706b00000) (1024K)]
  0x0000028e43eac8f0 JavaThread "Thread-4"                   daemon [_thread_in_native, id=19972, stack(0x0000007706b00000,0x0000007706c00000) (1024K)]
  0x0000028e43eb0400 JavaThread "Thread-5"                   daemon [_thread_in_native, id=19716, stack(0x0000007706c00000,0x0000007706d00000) (1024K)]
  0x0000028e43eacf80 JavaThread "Thread-6"                   daemon [_thread_in_native, id=7284, stack(0x0000007706d00000,0x0000007706e00000) (1024K)]
  0x0000028e43eb1e40 JavaThread "Thread-7"                   daemon [_thread_in_native, id=28136, stack(0x0000007706e00000,0x0000007706f00000) (1024K)]
  0x0000028e43eb0a90 JavaThread "Thread-8"                   daemon [_thread_in_native, id=8376, stack(0x0000007706f00000,0x0000007707000000) (1024K)]
  0x0000028e43eb1120 JavaThread "Thread-9"                   daemon [_thread_in_native, id=24796, stack(0x0000007707000000,0x0000007707100000) (1024K)]
  0x0000028e43eb17b0 JavaThread "Thread-10"                  daemon [_thread_in_native, id=8568, stack(0x0000007707100000,0x0000007707200000) (1024K)]
  0x0000028e43eb24d0 JavaThread "Thread-11"                  daemon [_thread_in_native, id=5104, stack(0x0000007707200000,0x0000007707300000) (1024K)]
  0x0000028e4444d060 JavaThread "Thread-12"                  daemon [_thread_in_native, id=6140, stack(0x0000007707300000,0x0000007707400000) (1024K)]
  0x0000028e4444f7c0 JavaThread "Thread-13"                  daemon [_thread_in_native, id=23712, stack(0x0000007707400000,0x0000007707500000) (1024K)]
  0x0000028e4444e410 JavaThread "pool-2-thread-1"                   [_thread_blocked, id=2004, stack(0x0000007707500000,0x0000007707600000) (1024K)]
  0x0000028e4444eaa0 JavaThread "WorkspaceEventsHandler"            [_thread_blocked, id=11160, stack(0x0000007707600000,0x0000007707700000) (1024K)]
  0x0000028e444504e0 JavaThread "pool-1-thread-1"                   [_thread_blocked, id=15900, stack(0x0000007707700000,0x0000007707800000) (1024K)]
  0x0000028e4444dd80 JavaThread "PatternSearchJob-worker-1"  daemon [_thread_blocked, id=21968, stack(0x0000007707800000,0x0000007707900000) (1024K)]
  0x0000028e44450b70 JavaThread "PatternSearchJob-worker-2"  daemon [_thread_blocked, id=18480, stack(0x0000007707900000,0x0000007707a00000) (1024K)]
  0x0000028e4444fe50 JavaThread "PatternSearchJob-worker-3"  daemon [_thread_blocked, id=18696, stack(0x0000007707a00000,0x0000007707b00000) (1024K)]
  0x0000028e4444d6f0 JavaThread "PatternSearchJob-worker-4"  daemon [_thread_blocked, id=13976, stack(0x0000007707b00000,0x0000007707c00000) (1024K)]
  0x0000028e44453ff0 JavaThread "PatternSearchJob-worker-5"  daemon [_thread_blocked, id=23768, stack(0x0000007707c00000,0x0000007707d00000) (1024K)]
  0x0000028e444532d0 JavaThread "PatternSearchJob-worker-6"  daemon [_thread_blocked, id=11088, stack(0x0000007707d00000,0x0000007707e00000) (1024K)]
  0x0000028e44451200 JavaThread "PatternSearchJob-worker-7"  daemon [_thread_blocked, id=928, stack(0x0000007707e00000,0x0000007707f00000) (1024K)]
  0x0000028e44453960 JavaThread "PatternSearchJob-worker-8"  daemon [_thread_blocked, id=23188, stack(0x0000007707f00000,0x0000007708000000) (1024K)]
  0x0000028e44454680 JavaThread "PatternSearchJob-worker-9"  daemon [_thread_blocked, id=12696, stack(0x0000007708000000,0x0000007708100000) (1024K)]
  0x0000028e44451890 JavaThread "PatternSearchJob-worker-10" daemon [_thread_blocked, id=12560, stack(0x0000007708100000,0x0000007708200000) (1024K)]
  0x0000028e44451f20 JavaThread "PatternSearchJob-worker-11" daemon [_thread_blocked, id=2196, stack(0x0000007708200000,0x0000007708300000) (1024K)]
  0x0000028e44452c40 JavaThread "ForkJoinPool.commonPool-worker-1" daemon [_thread_blocked, id=8512, stack(0x0000007706100000,0x0000007706200000) (1024K)]
  0x0000028e466c86d0 JavaThread "ForkJoinPool.commonPool-worker-2" daemon [_thread_blocked, id=28444, stack(0x0000007708300000,0x0000007708400000) (1024K)]
  0x0000028e466c6600 JavaThread "ForkJoinPool.commonPool-worker-3" daemon [_thread_blocked, id=9676, stack(0x0000007708400000,0x0000007708500000) (1024K)]
  0x0000028e466cc1e0 JavaThread "LocalFile Deleter"          daemon [_thread_blocked, id=22216, stack(0x0000007705d00000,0x0000007705e00000) (1024K)]
  0x0000028e466cd590 JavaThread "LocalFile Deleter"          daemon [_thread_blocked, id=22740, stack(0x0000007706000000,0x0000007706100000) (1024K)]
  0x0000028e466ca7a0 JavaThread "LocalFile Deleter"          daemon [_thread_blocked, id=8404, stack(0x0000007708500000,0x0000007708600000) (1024K)]
  0x0000028e466cc870 JavaThread "LocalFile Deleter"          daemon [_thread_blocked, id=23604, stack(0x0000007708600000,0x0000007708700000) (1024K)]
  0x0000028e466cae30 JavaThread "LocalFile Deleter"          daemon [_thread_blocked, id=6764, stack(0x0000007708700000,0x0000007708800000) (1024K)]
  0x0000028e466cb4c0 JavaThread "LocalFile Deleter"          daemon [_thread_blocked, id=956, stack(0x0000007708800000,0x0000007708900000) (1024K)]
  0x0000028e466cbb50 JavaThread "LocalFile Deleter"          daemon [_thread_blocked, id=28580, stack(0x0000007708900000,0x0000007708a00000) (1024K)]
  0x0000028e43ead610 JavaThread "LocalFile Deleter"          daemon [_thread_blocked, id=4532, stack(0x0000007708a00000,0x0000007708b00000) (1024K)]
  0x0000028e47825fe0 JavaThread "LocalFile Deleter"          daemon [_thread_blocked, id=27972, stack(0x0000007708b00000,0x0000007708c00000) (1024K)]
  0x0000028e47822b60 JavaThread "LocalFile Deleter"          daemon [_thread_blocked, id=23916, stack(0x0000007708c00000,0x0000007708d00000) (1024K)]
  0x0000028e478252c0 JavaThread "LocalFile Deleter"          daemon [_thread_blocked, id=7644, stack(0x0000007708d00000,0x0000007708e00000) (1024K)]
  0x0000028e47823880 JavaThread "LocalFile Deleter"          daemon [_thread_blocked, id=5692, stack(0x0000007708e00000,0x0000007708f00000) (1024K)]
  0x0000028e47826670 JavaThread "Compiler Source File Reader" daemon [_thread_blocked, id=22708, stack(0x0000007708f00000,0x0000007709000000) (1024K)]
  0x0000028e47825950 JavaThread "Compiler Source File Reader" daemon [_thread_blocked, id=14004, stack(0x0000007709000000,0x0000007709100000) (1024K)]
  0x0000028e47826d00 JavaThread "Compiler Source File Reader" daemon [_thread_blocked, id=28596, stack(0x0000007709100000,0x0000007709200000) (1024K)]
  0x0000028e47827390 JavaThread "Compiler Source File Reader" daemon [_thread_blocked, id=20168, stack(0x0000007709200000,0x0000007709300000) (1024K)]
  0x0000028e47823f10 JavaThread "Compiler Source File Reader" daemon [_thread_blocked, id=21940, stack(0x0000007709300000,0x0000007709400000) (1024K)]
  0x0000028e478245a0 JavaThread "Compiler Source File Reader" daemon [_thread_blocked, id=26940, stack(0x0000007709400000,0x0000007709500000) (1024K)]
  0x0000028e47827a20 JavaThread "Compiler Source File Reader" daemon [_thread_blocked, id=22912, stack(0x0000007709500000,0x0000007709600000) (1024K)]
  0x0000028e478280b0 JavaThread "Compiler Source File Reader" daemon [_thread_blocked, id=10628, stack(0x0000007709600000,0x0000007709700000) (1024K)]
  0x0000028e47824c30 JavaThread "Compiler Source File Reader" daemon [_thread_blocked, id=20508, stack(0x0000007709700000,0x0000007709800000) (1024K)]
  0x0000028e47828dd0 JavaThread "Compiler Source File Reader" daemon [_thread_blocked, id=18644, stack(0x0000007709800000,0x0000007709900000) (1024K)]
  0x0000028e515577d0 JavaThread "Compiler Processing Task"   daemon [_thread_blocked, id=24196, stack(0x0000007709900000,0x0000007709a00000) (1024K)]
  0x0000028e51554350 JavaThread "Compiler Class File Writer" daemon [_thread_blocked, id=8552, stack(0x0000007709a00000,0x0000007709b00000) (1024K)]
  0x0000028e51557e60 JavaThread "Compiler Class File Writer" daemon [_thread_blocked, id=2960, stack(0x0000007709b00000,0x0000007709c00000) (1024K)]
  0x0000028e515549e0 JavaThread "Compiler Class File Writer" daemon [_thread_blocked, id=25468, stack(0x0000007709c00000,0x0000007709d00000) (1024K)]
  0x0000028e51558b80 JavaThread "Compiler Class File Writer" daemon [_thread_blocked, id=26996, stack(0x0000007709d00000,0x0000007709e00000) (1024K)]
  0x0000028e5155b2e0 JavaThread "Compiler Class File Writer" daemon [_thread_blocked, id=26816, stack(0x0000007709e00000,0x0000007709f00000) (1024K)]
  0x0000028e515584f0 JavaThread "Compiler Class File Writer" daemon [_thread_blocked, id=26496, stack(0x0000007709f00000,0x000000770a000000) (1024K)]
  0x0000028e51559210 JavaThread "Compiler Class File Writer" daemon [_thread_blocked, id=9064, stack(0x000000770a000000,0x000000770a100000) (1024K)]
  0x0000028e515598a0 JavaThread "Compiler Class File Writer" daemon [_thread_blocked, id=12092, stack(0x000000770a100000,0x000000770a200000) (1024K)]
  0x0000028e51559f30 JavaThread "Compiler Class File Writer" daemon [_thread_blocked, id=5556, stack(0x000000770a200000,0x000000770a300000) (1024K)]
  0x0000028e5155a5c0 JavaThread "Compiler Class File Writer" daemon [_thread_blocked, id=13364, stack(0x000000770a300000,0x000000770a400000) (1024K)]
Total: 87

Other Threads:
  0x0000024bc94440c0 VMThread "VM Thread"                           [id=5368, stack(0x0000007704300000,0x0000007704400000) (1024K)]
  0x0000024bc933ca00 WatcherThread "VM Periodic Task Thread"        [id=25728, stack(0x0000007704200000,0x0000007704300000) (1024K)]
  0x0000024bc98ddb50 WorkerThread "GC Thread#0"                     [id=16756, stack(0x0000007704100000,0x0000007704200000) (1024K)]
  0x0000028e430b1240 WorkerThread "GC Thread#1"                     [id=26916, stack(0x0000007705000000,0x0000007705100000) (1024K)]
  0x0000028e437efaf0 WorkerThread "GC Thread#2"                     [id=9348, stack(0x0000007705100000,0x0000007705200000) (1024K)]
  0x0000028e430b1a00 WorkerThread "GC Thread#3"                     [id=23764, stack(0x0000007705200000,0x0000007705300000) (1024K)]
  0x0000028e430978e0 WorkerThread "GC Thread#4"                     [id=20224, stack(0x0000007705300000,0x0000007705400000) (1024K)]
  0x0000028e43097c90 WorkerThread "GC Thread#5"                     [id=27928, stack(0x0000007705400000,0x0000007705500000) (1024K)]
  0x0000028e43098040 WorkerThread "GC Thread#6"                     [id=25396, stack(0x0000007705500000,0x0000007705600000) (1024K)]
  0x0000028e435b5790 WorkerThread "GC Thread#7"                     [id=12356, stack(0x0000007705700000,0x0000007705800000) (1024K)]
  0x0000028e4376e570 WorkerThread "GC Thread#8"                     [id=14624, stack(0x0000007705a00000,0x0000007705b00000) (1024K)]
  0x0000028e435b2680 WorkerThread "GC Thread#9"                     [id=28408, stack(0x0000007705b00000,0x0000007705c00000) (1024K)]
Total: 12

Threads with active compile tasks:
C2 CompilerThread0  118454 18259       4       java.net.URI::needsNormalization (184 bytes)
Total: 1

VM state: not at safepoint (normal execution)

VM Mutex/Monitor currently owned by a thread: None

CDS archive(s) mapped at: [0x0000028dfc000000-0x0000028dfcba0000-0x0000028dfcba0000), size 12189696, SharedBaseAddress: 0x0000028dfc000000, ArchiveRelocationMode: 1.
Compressed class space mapped at: 0x0000028dfd000000-0x0000028e3d000000, reserved size: 1073741824
Narrow klass base: 0x0000028dfc000000, Narrow klass shift: 0, Narrow klass range: 0x100000000

GC Precious Log:
 CardTable entry size: 512
 CPUs: 12 total, 12 available
 Memory: 16087M
 Large Page Support: Disabled
 NUMA Support: Disabled
 Compressed Oops: Disabled
 Alignments: Space 512K, Generation 512K, Heap 2M
 Heap Min Capacity: 100M
 Heap Initial Capacity: 100M
 Heap Max Capacity: 256G
 Pre-touch: Disabled
 Parallel Workers: 10

Heap:
 PSYoungGen      total 3072K, used 2562K [0x0000027686700000, 0x0000027686b00000, 0x0000028bdbc00000)
  eden space 2560K, 90% used [0x0000027686700000,0x0000027686940820,0x0000027686980000)
  from space 512K, 50% used [0x0000027686a80000,0x0000027686ac0000,0x0000027686b00000)
  to   space 512K, 0% used [0x0000027686a00000,0x0000027686a00000,0x0000027686a80000)
 ParOldGen       total 211968K, used 185824K [0x0000024bdbc00000, 0x0000024be8b00000, 0x0000027686700000)
  object space 211968K, 87% used [0x0000024bdbc00000,0x0000024be7178188,0x0000024be8b00000)
 Metaspace       used 79185K, committed 80768K, reserved 1179648K
  class space    used 8159K, committed 8832K, reserved 1048576K

Card table byte_map: [0x0000024b80000000,0x0000024ba0010000] _byte_map_base: 0x0000024a5a122000

Marking Bits: (ParMarkBitMap*) 0x00007ff8123244a0
 Begin Bits: [0x0000028bdbc00000, 0x0000028cdbc00000)
 End Bits:   [0x0000028cdbc00000, 0x0000028ddbc00000)

Polling page: 0x0000024bc7690000

Metaspace:

Usage:
  Non-class:     69.36 MB used.
      Class:      7.97 MB used.
       Both:     77.33 MB used.

Virtual space:
  Non-class space:      128.00 MB reserved,      70.25 MB ( 55%) committed,  2 nodes.
      Class space:        1.00 GB reserved,       8.62 MB ( <1%) committed,  1 nodes.
             Both:        1.12 GB reserved,      78.88 MB (  7%) committed. 

Chunk freelists:
   Non-Class:  9.81 MB
       Class:  7.33 MB
        Both:  17.14 MB

MaxMetaspaceSize: unlimited
CompressedClassSpaceSize: 1.00 GB
Initial GC threshold: 21.00 MB
Current GC threshold: 126.06 MB
CDS: on
 - commit_granule_bytes: 65536.
 - commit_granule_words: 8192.
 - virtual_space_node_default_size: 8388608.
 - enlarge_chunks_in_place: 1.
 - use_allocation_guard: 0.


Internal statistics:

num_allocs_failed_limit: 9.
num_arena_births: 1522.
num_arena_deaths: 56.
num_vsnodes_births: 3.
num_vsnodes_deaths: 0.
num_space_committed: 1261.
num_space_uncommitted: 0.
num_chunks_returned_to_freelist: 80.
num_chunks_taken_from_freelist: 5279.
num_chunk_merges: 10.
num_chunk_splits: 3257.
num_chunks_enlarged: 1903.
num_inconsistent_stats: 0.

CodeHeap 'non-profiled nmethods': size=120000Kb used=15061Kb max_used=15061Kb free=104938Kb
 bounds [0x0000024bd4590000, 0x0000024bd5450000, 0x0000024bdbac0000]
CodeHeap 'profiled nmethods': size=120000Kb used=42246Kb max_used=42246Kb free=77753Kb
 bounds [0x0000024bccac0000, 0x0000024bcf410000, 0x0000024bd3ff0000]
CodeHeap 'non-nmethods': size=5760Kb used=1485Kb max_used=1584Kb free=4274Kb
 bounds [0x0000024bd3ff0000, 0x0000024bd4260000, 0x0000024bd4590000]
CodeCache: size=245760Kb, used=58792Kb, max_used=58891Kb, free=186965Kb
 total_blobs=17324, nmethods=16519, adapters=709, full_count=0
Compilation: enabled, stopped_count=0, restarted_count=0

Compilation events (20 events):
Event: 115.486 Thread 0x0000028e46eaf630 18251       4       java.lang.Class::descriptorString (170 bytes)
Event: 115.487 Thread 0x0000028e3e8b8840 18252       1       org.eclipse.core.internal.watson.ElementTree::getTreeData (5 bytes)
Event: 115.487 Thread 0x0000028e3e8b8840 nmethod 18252 0x0000024bd5441690 code [0x0000024bd5441820, 0x0000024bd54418e8]
Event: 115.487 Thread 0x0000028e46eafd00 nmethod 18250 0x0000024bd5441990 code [0x0000024bd5441b80, 0x0000024bd5442548]
Event: 115.489 Thread 0x0000028e3e8b8840 18253       3       org.eclipse.core.internal.content.ContentType::isKindOf (35 bytes)
Event: 115.489 Thread 0x0000028e3e8b8840 nmethod 18253 0x0000024bcf3fd290 code [0x0000024bcf3fd460, 0x0000024bcf3fd838]
Event: 115.489 Thread 0x0000028e3e8b8840 18254  s    1       org.eclipse.core.internal.filebuffers.SynchronizableDocument::getLockObject (5 bytes)
Event: 115.489 Thread 0x0000028e3e8b8840 nmethod 18254 0x0000024bd5442c10 code [0x0000024bd5442da0, 0x0000024bd5442f28]
Event: 115.489 Thread 0x0000028e3e8b8840 18255       1       org.eclipse.core.internal.events.ResourceChangeEvent::getDelta (5 bytes)
Event: 115.489 Thread 0x0000028e3e8b8840 nmethod 18255 0x0000024bd5442f90 code [0x0000024bd5443120, 0x0000024bd54431e8]
Event: 115.500 Thread 0x0000028e46eaf630 nmethod 18251 0x0000024bd5443290 code [0x0000024bd54434e0, 0x0000024bd5444078]
Event: 118.400 Thread 0x0000028e3e8b8840 18256       3       java.net.URI::getRawSchemeSpecificPart (156 bytes)
Event: 118.401 Thread 0x0000028e3e8b8840 nmethod 18256 0x0000024bcf3fd910 code [0x0000024bcf3fdc00, 0x0000024bcf3fec28]
Event: 118.404 Thread 0x0000028e3e8b8840 18257       3       org.eclipse.core.internal.dtree.DeltaDataTree::<init> (20 bytes)
Event: 118.405 Thread 0x0000028e3e8b8840 nmethod 18257 0x0000024bcf3ff290 code [0x0000024bcf3ff460, 0x0000024bcf3ff7b8]
Event: 118.409 Thread 0x0000028e3e8b8840 18258       3       org.eclipse.jdt.internal.core.CompilationUnit::getPerWorkingCopyInfo (11 bytes)
Event: 118.410 Thread 0x0000028e3e8b8840 nmethod 18258 0x0000024bcf3ff910 code [0x0000024bcf3ffac0, 0x0000024bcf3ffca0]
Event: 118.412 Thread 0x0000028e3e8b1440 18259       4       java.net.URI::needsNormalization (184 bytes)
Event: 118.413 Thread 0x0000028e3e8b8840 18260       1       org.eclipse.lsp4j.FileEvent::getUri (5 bytes)
Event: 118.414 Thread 0x0000028e3e8b8840 nmethod 18260 0x0000024bd5444690 code [0x0000024bd5444820, 0x0000024bd54448e8]

GC Heap History (20 events):
Event: 115.150 GC heap after
{Heap after GC invocations=654 (full 4):
 PSYoungGen      total 4096K, used 544K [0x0000027686700000, 0x0000027686c00000, 0x0000028bdbc00000)
  eden space 3072K, 0% used [0x0000027686700000,0x0000027686700000,0x0000027686a00000)
  from space 1024K, 53% used [0x0000027686b00000,0x0000027686b88000,0x0000027686c00000)
  to   space 1024K, 0% used [0x0000027686a00000,0x0000027686a00000,0x0000027686b00000)
 ParOldGen       total 211968K, used 152240K [0x0000024bdbc00000, 0x0000024be8b00000, 0x0000027686700000)
  object space 211968K, 71% used [0x0000024bdbc00000,0x0000024be50ac0d8,0x0000024be8b00000)
 Metaspace       used 78413K, committed 80000K, reserved 1179648K
  class space    used 8069K, committed 8768K, reserved 1048576K
}
Event: 115.176 GC heap before
{Heap before GC invocations=655 (full 4):
 PSYoungGen      total 4096K, used 3616K [0x0000027686700000, 0x0000027686c00000, 0x0000028bdbc00000)
  eden space 3072K, 100% used [0x0000027686700000,0x0000027686a00000,0x0000027686a00000)
  from space 1024K, 53% used [0x0000027686b00000,0x0000027686b88000,0x0000027686c00000)
  to   space 1024K, 0% used [0x0000027686a00000,0x0000027686a00000,0x0000027686b00000)
 ParOldGen       total 211968K, used 152240K [0x0000024bdbc00000, 0x0000024be8b00000, 0x0000027686700000)
  object space 211968K, 71% used [0x0000024bdbc00000,0x0000024be50ac0d8,0x0000024be8b00000)
 Metaspace       used 78480K, committed 80064K, reserved 1179648K
  class space    used 8081K, committed 8768K, reserved 1048576K
}
Event: 115.177 GC heap after
{Heap after GC invocations=655 (full 4):
 PSYoungGen      total 4096K, used 672K [0x0000027686700000, 0x0000027686c00000, 0x0000028bdbc00000)
  eden space 3072K, 0% used [0x0000027686700000,0x0000027686700000,0x0000027686a00000)
  from space 1024K, 65% used [0x0000027686a00000,0x0000027686aa8000,0x0000027686b00000)
  to   space 1024K, 0% used [0x0000027686b00000,0x0000027686b00000,0x0000027686c00000)
 ParOldGen       total 211968K, used 152600K [0x0000024bdbc00000, 0x0000024be8b00000, 0x0000027686700000)
  object space 211968K, 71% used [0x0000024bdbc00000,0x0000024be51060e8,0x0000024be8b00000)
 Metaspace       used 78480K, committed 80064K, reserved 1179648K
  class space    used 8081K, committed 8768K, reserved 1048576K
}
Event: 115.185 GC heap before
{Heap before GC invocations=656 (full 4):
 PSYoungGen      total 4096K, used 3744K [0x0000027686700000, 0x0000027686c00000, 0x0000028bdbc00000)
  eden space 3072K, 100% used [0x0000027686700000,0x0000027686a00000,0x0000027686a00000)
  from space 1024K, 65% used [0x0000027686a00000,0x0000027686aa8000,0x0000027686b00000)
  to   space 1024K, 0% used [0x0000027686b00000,0x0000027686b00000,0x0000027686c00000)
 ParOldGen       total 211968K, used 152600K [0x0000024bdbc00000, 0x0000024be8b00000, 0x0000027686700000)
  object space 211968K, 71% used [0x0000024bdbc00000,0x0000024be51060e8,0x0000024be8b00000)
 Metaspace       used 78482K, committed 80064K, reserved 1179648K
  class space    used 8081K, committed 8768K, reserved 1048576K
}
Event: 115.187 GC heap after
{Heap after GC invocations=656 (full 4):
 PSYoungGen      total 3584K, used 992K [0x0000027686700000, 0x0000027686d00000, 0x0000028bdbc00000)
  eden space 2560K, 0% used [0x0000027686700000,0x0000027686700000,0x0000027686980000)
  from space 1024K, 96% used [0x0000027686b00000,0x0000027686bf8020,0x0000027686c00000)
  to   space 1536K, 0% used [0x0000027686980000,0x0000027686980000,0x0000027686b00000)
 ParOldGen       total 211968K, used 153048K [0x0000024bdbc00000, 0x0000024be8b00000, 0x0000027686700000)
  object space 211968K, 72% used [0x0000024bdbc00000,0x0000024be5176138,0x0000024be8b00000)
 Metaspace       used 78482K, committed 80064K, reserved 1179648K
  class space    used 8081K, committed 8768K, reserved 1048576K
}
Event: 115.199 GC heap before
{Heap before GC invocations=657 (full 4):
 PSYoungGen      total 3584K, used 3552K [0x0000027686700000, 0x0000027686d00000, 0x0000028bdbc00000)
  eden space 2560K, 100% used [0x0000027686700000,0x0000027686980000,0x0000027686980000)
  from space 1024K, 96% used [0x0000027686b00000,0x0000027686bf8020,0x0000027686c00000)
  to   space 1536K, 0% used [0x0000027686980000,0x0000027686980000,0x0000027686b00000)
 ParOldGen       total 211968K, used 153048K [0x0000024bdbc00000, 0x0000024be8b00000, 0x0000027686700000)
  object space 211968K, 72% used [0x0000024bdbc00000,0x0000024be5176138,0x0000024be8b00000)
 Metaspace       used 78482K, committed 80064K, reserved 1179648K
  class space    used 8081K, committed 8768K, reserved 1048576K
}
Event: 115.200 GC heap after
{Heap after GC invocations=657 (full 4):
 PSYoungGen      total 3584K, used 768K [0x0000027686700000, 0x0000027686b80000, 0x0000028bdbc00000)
  eden space 2560K, 0% used [0x0000027686700000,0x0000027686700000,0x0000027686980000)
  from space 1024K, 75% used [0x0000027686980000,0x0000027686a40000,0x0000027686a80000)
  to   space 1024K, 0% used [0x0000027686a80000,0x0000027686a80000,0x0000027686b80000)
 ParOldGen       total 211968K, used 153580K [0x0000024bdbc00000, 0x0000024be8b00000, 0x0000027686700000)
  object space 211968K, 72% used [0x0000024bdbc00000,0x0000024be51fb148,0x0000024be8b00000)
 Metaspace       used 78482K, committed 80064K, reserved 1179648K
  class space    used 8081K, committed 8768K, reserved 1048576K
}
Event: 115.211 GC heap before
{Heap before GC invocations=658 (full 4):
 PSYoungGen      total 3584K, used 3328K [0x0000027686700000, 0x0000027686b80000, 0x0000028bdbc00000)
  eden space 2560K, 100% used [0x0000027686700000,0x0000027686980000,0x0000027686980000)
  from space 1024K, 75% used [0x0000027686980000,0x0000027686a40000,0x0000027686a80000)
  to   space 1024K, 0% used [0x0000027686a80000,0x0000027686a80000,0x0000027686b80000)
 ParOldGen       total 211968K, used 153580K [0x0000024bdbc00000, 0x0000024be8b00000, 0x0000027686700000)
  object space 211968K, 72% used [0x0000024bdbc00000,0x0000024be51fb148,0x0000024be8b00000)
 Metaspace       used 78487K, committed 80064K, reserved 1179648K
  class space    used 8081K, committed 8768K, reserved 1048576K
}
Event: 115.212 GC heap after
{Heap after GC invocations=658 (full 4):
 PSYoungGen      total 3584K, used 560K [0x0000027686700000, 0x0000027686b80000, 0x0000028bdbc00000)
  eden space 2560K, 0% used [0x0000027686700000,0x0000027686700000,0x0000027686980000)
  from space 1024K, 54% used [0x0000027686a80000,0x0000027686b0c010,0x0000027686b80000)
  to   space 1024K, 0% used [0x0000027686980000,0x0000027686980000,0x0000027686a80000)
 ParOldGen       total 211968K, used 154168K [0x0000024bdbc00000, 0x0000024be8b00000, 0x0000027686700000)
  object space 211968K, 72% used [0x0000024bdbc00000,0x0000024be528e158,0x0000024be8b00000)
 Metaspace       used 78487K, committed 80064K, reserved 1179648K
  class space    used 8081K, committed 8768K, reserved 1048576K
}
Event: 115.274 GC heap before
{Heap before GC invocations=659 (full 4):
 PSYoungGen      total 3584K, used 3119K [0x0000027686700000, 0x0000027686b80000, 0x0000028bdbc00000)
  eden space 2560K, 99% used [0x0000027686700000,0x000002768697fc30,0x0000027686980000)
  from space 1024K, 54% used [0x0000027686a80000,0x0000027686b0c010,0x0000027686b80000)
  to   space 1024K, 0% used [0x0000027686980000,0x0000027686980000,0x0000027686a80000)
 ParOldGen       total 211968K, used 154168K [0x0000024bdbc00000, 0x0000024be8b00000, 0x0000027686700000)
  object space 211968K, 72% used [0x0000024bdbc00000,0x0000024be528e158,0x0000024be8b00000)
 Metaspace       used 78579K, committed 80128K, reserved 1179648K
  class space    used 8095K, committed 8768K, reserved 1048576K
}
Event: 115.275 GC heap after
{Heap after GC invocations=659 (full 4):
 PSYoungGen      total 3584K, used 341K [0x0000027686700000, 0x0000027686b00000, 0x0000028bdbc00000)
  eden space 2560K, 0% used [0x0000027686700000,0x0000027686700000,0x0000027686980000)
  from space 1024K, 33% used [0x0000027686980000,0x00000276869d5430,0x0000027686a80000)
  to   space 512K, 0% used [0x0000027686a80000,0x0000027686a80000,0x0000027686b00000)
 ParOldGen       total 211968K, used 154360K [0x0000024bdbc00000, 0x0000024be8b00000, 0x0000027686700000)
  object space 211968K, 72% used [0x0000024bdbc00000,0x0000024be52be158,0x0000024be8b00000)
 Metaspace       used 78579K, committed 80128K, reserved 1179648K
  class space    used 8095K, committed 8768K, reserved 1048576K
}
Event: 115.329 GC heap before
{Heap before GC invocations=660 (full 4):
 PSYoungGen      total 3584K, used 2901K [0x0000027686700000, 0x0000027686b00000, 0x0000028bdbc00000)
  eden space 2560K, 100% used [0x0000027686700000,0x0000027686980000,0x0000027686980000)
  from space 1024K, 33% used [0x0000027686980000,0x00000276869d5430,0x0000027686a80000)
  to   space 512K, 0% used [0x0000027686a80000,0x0000027686a80000,0x0000027686b00000)
 ParOldGen       total 211968K, used 154360K [0x0000024bdbc00000, 0x0000024be8b00000, 0x0000027686700000)
  object space 211968K, 72% used [0x0000024bdbc00000,0x0000024be52be158,0x0000024be8b00000)
 Metaspace       used 78726K, committed 80256K, reserved 1179648K
  class space    used 8114K, committed 8768K, reserved 1048576K
}
Event: 115.330 GC heap after
{Heap after GC invocations=660 (full 4):
 PSYoungGen      total 3072K, used 288K [0x0000027686700000, 0x0000027686b00000, 0x0000028bdbc00000)
  eden space 2560K, 0% used [0x0000027686700000,0x0000027686700000,0x0000027686980000)
  from space 512K, 56% used [0x0000027686a80000,0x0000027686ac8000,0x0000027686b00000)
  to   space 512K, 0% used [0x0000027686a00000,0x0000027686a00000,0x0000027686a80000)
 ParOldGen       total 211968K, used 154472K [0x0000024bdbc00000, 0x0000024be8b00000, 0x0000027686700000)
  object space 211968K, 72% used [0x0000024bdbc00000,0x0000024be52da158,0x0000024be8b00000)
 Metaspace       used 78726K, committed 80256K, reserved 1179648K
  class space    used 8114K, committed 8768K, reserved 1048576K
}
Event: 115.362 GC heap before
{Heap before GC invocations=661 (full 4):
 PSYoungGen      total 3072K, used 2848K [0x0000027686700000, 0x0000027686b00000, 0x0000028bdbc00000)
  eden space 2560K, 100% used [0x0000027686700000,0x0000027686980000,0x0000027686980000)
  from space 512K, 56% used [0x0000027686a80000,0x0000027686ac8000,0x0000027686b00000)
  to   space 512K, 0% used [0x0000027686a00000,0x0000027686a00000,0x0000027686a80000)
 ParOldGen       total 211968K, used 154472K [0x0000024bdbc00000, 0x0000024be8b00000, 0x0000027686700000)
  object space 211968K, 72% used [0x0000024bdbc00000,0x0000024be52da158,0x0000024be8b00000)
 Metaspace       used 78940K, committed 80512K, reserved 1179648K
  class space    used 8132K, committed 8832K, reserved 1048576K
}
Event: 115.364 GC heap after
{Heap after GC invocations=661 (full 4):
 PSYoungGen      total 3072K, used 458K [0x0000027686700000, 0x0000027686b00000, 0x0000028bdbc00000)
  eden space 2560K, 0% used [0x0000027686700000,0x0000027686700000,0x0000027686980000)
  from space 512K, 89% used [0x0000027686a00000,0x0000027686a728d8,0x0000027686a80000)
  to   space 512K, 0% used [0x0000027686a80000,0x0000027686a80000,0x0000027686b00000)
 ParOldGen       total 211968K, used 154702K [0x0000024bdbc00000, 0x0000024be8b00000, 0x0000027686700000)
  object space 211968K, 72% used [0x0000024bdbc00000,0x0000024be5313880,0x0000024be8b00000)
 Metaspace       used 78940K, committed 80512K, reserved 1179648K
  class space    used 8132K, committed 8832K, reserved 1048576K
}
Event: 115.416 GC heap before
{Heap before GC invocations=662 (full 4):
 PSYoungGen      total 3072K, used 3018K [0x0000027686700000, 0x0000027686b00000, 0x0000028bdbc00000)
  eden space 2560K, 100% used [0x0000027686700000,0x0000027686980000,0x0000027686980000)
  from space 512K, 89% used [0x0000027686a00000,0x0000027686a728d8,0x0000027686a80000)
  to   space 512K, 0% used [0x0000027686a80000,0x0000027686a80000,0x0000027686b00000)
 ParOldGen       total 211968K, used 185422K [0x0000024bdbc00000, 0x0000024be8b00000, 0x0000027686700000)
  object space 211968K, 87% used [0x0000024bdbc00000,0x0000024be71138b0,0x0000024be8b00000)
 Metaspace       used 79126K, committed 80704K, reserved 1179648K
  class space    used 8153K, committed 8832K, reserved 1048576K
}
Event: 115.417 GC heap after
{Heap after GC invocations=662 (full 4):
 PSYoungGen      total 3072K, used 320K [0x0000027686700000, 0x0000027686b00000, 0x0000028bdbc00000)
  eden space 2560K, 0% used [0x0000027686700000,0x0000027686700000,0x0000027686980000)
  from space 512K, 62% used [0x0000027686a80000,0x0000027686ad0000,0x0000027686b00000)
  to   space 512K, 0% used [0x0000027686a00000,0x0000027686a00000,0x0000027686a80000)
 ParOldGen       total 211968K, used 185648K [0x0000024bdbc00000, 0x0000024be8b00000, 0x0000027686700000)
  object space 211968K, 87% used [0x0000024bdbc00000,0x0000024be714c178,0x0000024be8b00000)
 Metaspace       used 79126K, committed 80704K, reserved 1179648K
  class space    used 8153K, committed 8832K, reserved 1048576K
}
Event: 115.468 GC heap before
{Heap before GC invocations=663 (full 4):
 PSYoungGen      total 3072K, used 2880K [0x0000027686700000, 0x0000027686b00000, 0x0000028bdbc00000)
  eden space 2560K, 100% used [0x0000027686700000,0x0000027686980000,0x0000027686980000)
  from space 512K, 62% used [0x0000027686a80000,0x0000027686ad0000,0x0000027686b00000)
  to   space 512K, 0% used [0x0000027686a00000,0x0000027686a00000,0x0000027686a80000)
 ParOldGen       total 211968K, used 185648K [0x0000024bdbc00000, 0x0000024be8b00000, 0x0000027686700000)
  object space 211968K, 87% used [0x0000024bdbc00000,0x0000024be714c178,0x0000024be8b00000)
 Metaspace       used 79168K, committed 80704K, reserved 1179648K
  class space    used 8157K, committed 8832K, reserved 1048576K
}
Event: 115.469 GC heap after
{Heap after GC invocations=663 (full 4):
 PSYoungGen      total 3072K, used 288K [0x0000027686700000, 0x0000027686b00000, 0x0000028bdbc00000)
  eden space 2560K, 0% used [0x0000027686700000,0x0000027686700000,0x0000027686980000)
  from space 512K, 56% used [0x0000027686a00000,0x0000027686a48000,0x0000027686a80000)
  to   space 512K, 0% used [0x0000027686a80000,0x0000027686a80000,0x0000027686b00000)
 ParOldGen       total 211968K, used 185744K [0x0000024bdbc00000, 0x0000024be8b00000, 0x0000027686700000)
  object space 211968K, 87% used [0x0000024bdbc00000,0x0000024be7164178,0x0000024be8b00000)
 Metaspace       used 79168K, committed 80704K, reserved 1179648K
  class space    used 8157K, committed 8832K, reserved 1048576K
}
Event: 118.417 GC heap before
{Heap before GC invocations=664 (full 4):
 PSYoungGen      total 3072K, used 2848K [0x0000027686700000, 0x0000027686b00000, 0x0000028bdbc00000)
  eden space 2560K, 100% used [0x0000027686700000,0x0000027686980000,0x0000027686980000)
  from space 512K, 56% used [0x0000027686a00000,0x0000027686a48000,0x0000027686a80000)
  to   space 512K, 0% used [0x0000027686a80000,0x0000027686a80000,0x0000027686b00000)
 ParOldGen       total 211968K, used 185744K [0x0000024bdbc00000, 0x0000024be8b00000, 0x0000027686700000)
  object space 211968K, 87% used [0x0000024bdbc00000,0x0000024be7164178,0x0000024be8b00000)
 Metaspace       used 79177K, committed 80768K, reserved 1179648K
  class space    used 8159K, committed 8832K, reserved 1048576K
}

Dll operation events (20 events):
Event: 0.012 Attempting to load shared library c:\Users\Rayeen\.vscode\extensions\redhat.java-1.56.0-win32-x64\jre\21.0.12.1-win32-x86_64\bin\java.dll
Event: 0.012 Loaded shared library c:\Users\Rayeen\.vscode\extensions\redhat.java-1.56.0-win32-x64\jre\21.0.12.1-win32-x86_64\bin\java.dll
Event: 1.229 Attempting to load shared library c:\Users\Rayeen\.vscode\extensions\redhat.java-1.56.0-win32-x64\jre\21.0.12.1-win32-x86_64\bin\zip.dll
Event: 1.229 Loaded shared library c:\Users\Rayeen\.vscode\extensions\redhat.java-1.56.0-win32-x64\jre\21.0.12.1-win32-x86_64\bin\zip.dll
Event: 1.245 Attempting to load shared library C:\Users\Rayeen\.vscode\extensions\redhat.java-1.56.0-win32-x64\jre\21.0.12.1-win32-x86_64\bin\instrument.dll
Event: 1.245 Loaded shared library C:\Users\Rayeen\.vscode\extensions\redhat.java-1.56.0-win32-x64\jre\21.0.12.1-win32-x86_64\bin\instrument.dll
Event: 1.248 Attempting to load shared library C:\Users\Rayeen\.vscode\extensions\redhat.java-1.56.0-win32-x64\jre\21.0.12.1-win32-x86_64\bin\net.dll
Event: 1.249 Loaded shared library C:\Users\Rayeen\.vscode\extensions\redhat.java-1.56.0-win32-x64\jre\21.0.12.1-win32-x86_64\bin\net.dll
Event: 1.251 Attempting to load shared library C:\Users\Rayeen\.vscode\extensions\redhat.java-1.56.0-win32-x64\jre\21.0.12.1-win32-x86_64\bin\nio.dll
Event: 1.251 Loaded shared library C:\Users\Rayeen\.vscode\extensions\redhat.java-1.56.0-win32-x64\jre\21.0.12.1-win32-x86_64\bin\nio.dll
Event: 1.254 Attempting to load shared library C:\Users\Rayeen\.vscode\extensions\redhat.java-1.56.0-win32-x64\jre\21.0.12.1-win32-x86_64\bin\zip.dll
Event: 1.254 Loaded shared library C:\Users\Rayeen\.vscode\extensions\redhat.java-1.56.0-win32-x64\jre\21.0.12.1-win32-x86_64\bin\zip.dll
Event: 1.267 Attempting to load shared library C:\Users\Rayeen\.vscode\extensions\redhat.java-1.56.0-win32-x64\jre\21.0.12.1-win32-x86_64\bin\jimage.dll
Event: 1.267 Loaded shared library C:\Users\Rayeen\.vscode\extensions\redhat.java-1.56.0-win32-x64\jre\21.0.12.1-win32-x86_64\bin\jimage.dll
Event: 1.320 Attempting to load shared library c:\Users\Rayeen\.vscode\extensions\redhat.java-1.56.0-win32-x64\jre\21.0.12.1-win32-x86_64\bin\verify.dll
Event: 1.321 Loaded shared library c:\Users\Rayeen\.vscode\extensions\redhat.java-1.56.0-win32-x64\jre\21.0.12.1-win32-x86_64\bin\verify.dll
Event: 16.848 Attempting to load shared library C:\Users\Rayeen\AppData\Roaming\Code\User\globalStorage\redhat.java\1.56.0\config_win\org.eclipse.equinox.launcher\org.eclipse.equinox.launcher.win32.win32.x86_64_1.3.100.v20260804-1928\eclipse_11924.dll
Event: 17.039 Loaded shared library C:\Users\Rayeen\AppData\Roaming\Code\User\globalStorage\redhat.java\1.56.0\config_win\org.eclipse.equinox.launcher\org.eclipse.equinox.launcher.win32.win32.x86_64_1.3.100.v20260804-1928\eclipse_11924.dll
Event: 36.277 Attempting to load shared library C:\Users\Rayeen\AppData\Local\Temp\jna--1854090364\jna7856773425911645818.dll
Event: 36.385 Loaded shared library C:\Users\Rayeen\AppData\Local\Temp\jna--1854090364\jna7856773425911645818.dll

Deoptimization events (20 events):
Event: 115.371 Thread 0x0000028e43eaf050 DEOPT PACKING pc=0x0000024bd4ad3674 sp=0x00000077067fd840
Event: 115.371 Thread 0x0000028e43eaf050 DEOPT UNPACKING pc=0x0000024bd4043aa2 sp=0x00000077067fd770 mode 2
Event: 115.407 Thread 0x0000028e43eaf050 Uncommon trap: trap_request=0xffffff45 fr.pc=0x0000024bd49edff0 relative=0x0000000000000290
Event: 115.407 Thread 0x0000028e43eaf050 Uncommon trap: reason=unstable_if action=reinterpret pc=0x0000024bd49edff0 method=java.io.WinNTFileSystem.prefixLength(Ljava/lang/String;)I @ 11 c2
Event: 115.407 Thread 0x0000028e43eaf050 DEOPT PACKING pc=0x0000024bd49edff0 sp=0x00000077067fd7d0
Event: 115.407 Thread 0x0000028e43eaf050 DEOPT UNPACKING pc=0x0000024bd4043aa2 sp=0x00000077067fd770 mode 2
Event: 115.412 Thread 0x0000028e43eaf050 Uncommon trap: trap_request=0xffffffde fr.pc=0x0000024bd4d59418 relative=0x00000000000009d8
Event: 115.413 Thread 0x0000028e43eaf050 Uncommon trap: reason=class_check action=maybe_recompile pc=0x0000024bd4d59418 method=java.util.HashMap.computeIfAbsent(Ljava/lang/Object;Ljava/util/function/Function;)Ljava/lang/Object; @ 142 c2
Event: 115.413 Thread 0x0000028e43eaf050 DEOPT PACKING pc=0x0000024bd4d59418 sp=0x00000077067fd7f0
Event: 115.413 Thread 0x0000028e43eaf050 DEOPT UNPACKING pc=0x0000024bd4043aa2 sp=0x00000077067fd788 mode 2
Event: 115.423 Thread 0x0000028e43eaf050 Uncommon trap: trap_request=0xffffff45 fr.pc=0x0000024bd4804110 relative=0x00000000000017f0
Event: 115.423 Thread 0x0000028e43eaf050 Uncommon trap: reason=unstable_if action=reinterpret pc=0x0000024bd4804110 method=org.objectweb.asm.Frame.execute(IILorg/objectweb/asm/Symbol;Lorg/objectweb/asm/SymbolTable;)V @ 1 c2
Event: 115.423 Thread 0x0000028e43eaf050 DEOPT PACKING pc=0x0000024bd4804110 sp=0x00000077067fc1a0
Event: 115.423 Thread 0x0000028e43eaf050 DEOPT UNPACKING pc=0x0000024bd4043aa2 sp=0x00000077067fc108 mode 2
Event: 115.486 Thread 0x0000028e43eaf050 Uncommon trap: trap_request=0xffffff45 fr.pc=0x0000024bd48bd88c relative=0x000000000000032c
Event: 115.486 Thread 0x0000028e43eaf050 Uncommon trap: reason=unstable_if action=reinterpret pc=0x0000024bd48bd88c method=java.lang.ThreadLocal$ThreadLocalMap.set(Ljava/lang/ThreadLocal;Ljava/lang/Object;)V @ 53 c2
Event: 115.486 Thread 0x0000028e43eaf050 DEOPT PACKING pc=0x0000024bd48bd88c sp=0x00000077067fe370
Event: 115.486 Thread 0x0000028e43eaf050 DEOPT UNPACKING pc=0x0000024bd4043aa2 sp=0x00000077067fe308 mode 2
Event: 118.412 Thread 0x0000028e4444eaa0 DEOPT PACKING pc=0x0000024bce55ed4b sp=0x00000077076fe8e0
Event: 118.412 Thread 0x0000028e4444eaa0 DEOPT UNPACKING pc=0x0000024bd4044242 sp=0x00000077076fddc0 mode 0

Classes loaded (20 events):
Event: 109.245 Loading class java/util/Collections$EmptyIteratorCustomizer
Event: 109.245 Loading class java/util/Collections$EmptyIteratorCustomizer done
Event: 109.245 Loading class java/util/Collections$EmptyIteratorCustomizer
Event: 109.245 Loading class java/util/Collections$EmptyIteratorCustomizer done
Event: 109.245 Loading class java/util/Collections$EmptyIteratorCustomizer
Event: 109.245 Loading class java/util/Collections$EmptyIteratorCustomizer done
Event: 111.224 Loading class jdk/internal/module/IllegalAccessLogger
Event: 111.224 Loading class jdk/internal/module/IllegalAccessLogger done
Event: 112.090 Loading class java/util/concurrent/ArrayBlockingQueue
Event: 112.091 Loading class java/util/concurrent/ArrayBlockingQueue done
Event: 112.229 Loading class java/util/concurrent/ConcurrentHashMap$KeySpliterator
Event: 112.229 Loading class java/util/concurrent/ConcurrentHashMap$KeySpliterator done
Event: 113.088 Loading class java/util/ArrayDeque$DeqSpliterator
Event: 113.088 Loading class java/util/ArrayDeque$DeqSpliterator done
Event: 114.738 Loading class jdk/internal/module/IllegalAccessLogger
Event: 114.738 Loading class jdk/internal/module/IllegalAccessLogger done
Event: 115.405 Loading class java/nio/BufferMismatch
Event: 115.405 Loading class java/nio/BufferMismatch done
Event: 115.405 Loading class java/nio/file/attribute/PosixFileAttributes
Event: 115.406 Loading class java/nio/file/attribute/PosixFileAttributes done

Classes unloaded (20 events):
Event: 66.597 Thread 0x0000024bc94440c0 Unloading class 0x0000028dfd6b0c00 'java/lang/invoke/LambdaForm$MH+0x0000028dfd6b0c00'
Event: 66.597 Thread 0x0000024bc94440c0 Unloading class 0x0000028dfd6b0400 'java/lang/invoke/LambdaForm$DMH+0x0000028dfd6b0400'
Event: 112.132 Thread 0x0000024bc94440c0 Unloading class 0x0000028dfd6d2000 'java/lang/invoke/LambdaForm$MH+0x0000028dfd6d2000'
Event: 112.132 Thread 0x0000024bc94440c0 Unloading class 0x0000028dfd6d1800 'java/lang/invoke/LambdaForm$MH+0x0000028dfd6d1800'
Event: 112.132 Thread 0x0000024bc94440c0 Unloading class 0x0000028dfd6d1000 'java/lang/invoke/LambdaForm$MH+0x0000028dfd6d1000'
Event: 112.132 Thread 0x0000024bc94440c0 Unloading class 0x0000028dfd6d0c00 'java/lang/invoke/LambdaForm$MH+0x0000028dfd6d0c00'
Event: 112.132 Thread 0x0000024bc94440c0 Unloading class 0x0000028dfd6d0000 'java/lang/invoke/LambdaForm$MH+0x0000028dfd6d0000'
Event: 112.132 Thread 0x0000024bc94440c0 Unloading class 0x0000028dfd6cf800 'java/lang/invoke/LambdaForm$MH+0x0000028dfd6cf800'
Event: 112.133 Thread 0x0000024bc94440c0 Unloading class 0x0000028dfd6cf000 'java/lang/invoke/LambdaForm$MH+0x0000028dfd6cf000'
Event: 112.133 Thread 0x0000024bc94440c0 Unloading class 0x0000028dfd6cec00 'java/lang/invoke/LambdaForm$MH+0x0000028dfd6cec00'
Event: 112.133 Thread 0x0000024bc94440c0 Unloading class 0x0000028dfd6cdc00 'java/lang/invoke/LambdaForm$MH+0x0000028dfd6cdc00'
Event: 112.133 Thread 0x0000024bc94440c0 Unloading class 0x0000028dfd6cd400 'java/lang/invoke/LambdaForm$MH+0x0000028dfd6cd400'
Event: 112.133 Thread 0x0000024bc94440c0 Unloading class 0x0000028dfd6ccc00 'java/lang/invoke/LambdaForm$MH+0x0000028dfd6ccc00'
Event: 112.133 Thread 0x0000024bc94440c0 Unloading class 0x0000028dfd6cc400 'java/lang/invoke/LambdaForm$MH+0x0000028dfd6cc400'
Event: 112.133 Thread 0x0000024bc94440c0 Unloading class 0x0000028dfd6cbc00 'java/lang/invoke/LambdaForm$MH+0x0000028dfd6cbc00'
Event: 112.133 Thread 0x0000024bc94440c0 Unloading class 0x0000028dfd6cb400 'java/lang/invoke/LambdaForm$MH+0x0000028dfd6cb400'
Event: 112.133 Thread 0x0000024bc94440c0 Unloading class 0x0000028dfd6cac00 'java/lang/invoke/LambdaForm$MH+0x0000028dfd6cac00'
Event: 112.133 Thread 0x0000024bc94440c0 Unloading class 0x0000028dfd6ca400 'java/lang/invoke/LambdaForm$BMH+0x0000028dfd6ca400'
Event: 112.133 Thread 0x0000024bc94440c0 Unloading class 0x0000028dfd6ca000 'java/lang/invoke/LambdaForm$DMH+0x0000028dfd6ca000'
Event: 112.133 Thread 0x0000024bc94440c0 Unloading class 0x0000028dfd6c9800 'java/lang/invoke/LambdaForm$DMH+0x0000028dfd6c9800'

Classes redefined (0 events):
No events

Internal exceptions (20 events):
Event: 113.457 Thread 0x0000028e515577d0 Exception <a 'java/lang/NullPointerException'{0x0000027686a7a810}> (0x0000027686a7a810) 
thrown [s\src\hotspot\share\runtime\sharedRuntime.cpp, line 625]
Event: 113.457 Thread 0x0000028e515577d0 Implicit null exception at 0x0000024bcd8c749c to 0x0000024bcd8cad1b
Event: 113.457 Thread 0x0000028e515577d0 Exception <a 'java/lang/NullPointerException'{0x0000027686a7cf10}> (0x0000027686a7cf10) 
thrown [s\src\hotspot\share\runtime\sharedRuntime.cpp, line 625]
Event: 113.457 Thread 0x0000028e515577d0 Implicit null exception at 0x0000024bcd8c749c to 0x0000024bcd8cad1b
Event: 113.457 Thread 0x0000028e515577d0 Exception <a 'java/lang/NullPointerException'{0x0000027686a7ee48}> (0x0000027686a7ee48) 
thrown [s\src\hotspot\share\runtime\sharedRuntime.cpp, line 625]
Event: 114.032 Thread 0x0000028e515577d0 Exception <a 'java/lang/NoSuchMethodError'{0x00000276867b2df0}: 'void java.lang.invoke.DirectMethodHandle$Holder.invokeStatic(java.lang.Object, int, java.lang.Object)'> (0x00000276867b2df0) 
thrown [s\src\hotspot\share\interpreter\linkResolver.cpp, line 773]
Event: 114.439 Thread 0x0000028e43eaaeb0 Exception <a 'sun/nio/fs/WindowsException'{0x000002768691b810}> (0x000002768691b810) 
thrown [s\src\hotspot\share\prims\jni.cpp, line 520]
Event: 114.439 Thread 0x0000028e466cc1e0 Exception <a 'sun/nio/fs/WindowsException'{0x000002768691cde8}> (0x000002768691cde8) 
thrown [s\src\hotspot\share\prims\jni.cpp, line 520]
Event: 114.439 Thread 0x0000028e466ca7a0 Exception <a 'sun/nio/fs/WindowsException'{0x000002768691f048}> (0x000002768691f048) 
thrown [s\src\hotspot\share\prims\jni.cpp, line 520]
Event: 114.762 Thread 0x0000028e43eaaeb0 Exception <a 'sun/nio/fs/WindowsException'{0x000002768698cd40}> (0x000002768698cd40) 
thrown [s\src\hotspot\share\prims\jni.cpp, line 520]
Event: 114.762 Thread 0x0000028e43eaaeb0 Exception <a 'sun/nio/fs/WindowsException'{0x000002768698d488}> (0x000002768698d488) 
thrown [s\src\hotspot\share\prims\jni.cpp, line 520]
Event: 115.015 Thread 0x0000028e43eaf050 Exception <a 'java/lang/NoSuchMethodError'{0x000002768671f728}: 'java.lang.Object java.lang.invoke.DirectMethodHandle$Holder.newInvokeSpecial(java.lang.Object, java.lang.Object, int, java.lang.Object, java.lang.Object)'> (0x000002768671f728) 
thrown [s\src\hotspot\share\interpreter\linkResolver.cpp, line 773]
Event: 115.016 Thread 0x0000028e43eaf050 Exception <a 'java/lang/NoSuchMethodError'{0x0000027686725100}: 'java.lang.Object java.lang.invoke.Invokers$Holder.linkToTargetMethod(java.lang.Object, int, java.lang.Object, java.lang.Object, java.lang.Object)'> (0x0000027686725100) 
thrown [s\src\hotspot\share\interpreter\linkResolver.cpp, line 773]
Event: 115.019 Thread 0x0000028e43eaf050 Exception <a 'java/lang/NoSuchMethodError'{0x00000276867473f8}: 'java.lang.Object java.lang.invoke.DirectMethodHandle$Holder.invokeSpecial(java.lang.Object, java.lang.Object, java.lang.Object, int, java.lang.Object, java.lang.Object, java.lang.Object)'> (0x00000276867473f8) 
thrown [s\src\hotspot\share\interpreter\linkResolver.cpp, line 773]
Event: 115.038 Thread 0x0000028e43eaf050 Exception <a 'java/lang/NoSuchMethodError'{0x00000276868027d0}: 'void java.lang.invoke.DirectMethodHandle$Holder.invokeStatic(java.lang.Object, int)'> (0x00000276868027d0) 
thrown [s\src\hotspot\share\interpreter\linkResolver.cpp, line 773]
Event: 115.129 Thread 0x0000028e43eaf050 Exception <a 'java/io/FileNotFoundException'{0x00000276868b9718}> (0x00000276868b9718) 
thrown [s\src\hotspot\share\prims\jni.cpp, line 520]
Event: 115.129 Thread 0x0000028e43eaf050 Exception <a 'java/io/FileNotFoundException'{0x00000276868bafb0}> (0x00000276868bafb0) 
thrown [s\src\hotspot\share\prims\jni.cpp, line 520]
Event: 115.129 Thread 0x0000028e43eaf050 Exception <a 'java/io/FileNotFoundException'{0x00000276868bc2a0}> (0x00000276868bc2a0) 
thrown [s\src\hotspot\share\prims\jni.cpp, line 520]
Event: 115.239 Thread 0x0000028e43eaf050 Implicit null exception at 0x0000024bd4ebe713 to 0x0000024bd4ebf934
Event: 115.486 Thread 0x0000028e43eaf050 Exception <a 'java/lang/NoSuchMethodError'{0x00000276867e7ff8}: 'void java.lang.invoke.DirectMethodHandle$Holder.invokeSpecial(java.lang.Object, java.lang.Object, java.lang.Object, java.lang.Object, java.lang.Object, java.lang.Object, java.lang.Object)'> (0x00000276867e7ff8) 
thrown [s\src\hotspot\share\interpreter\linkResolver.cpp, line 773]

ZGC Phase Switch (0 events):
No events

VM Operations (20 events):
Event: 115.177 Executing safepoint VM operation: ParallelGCFailedAllocation (Allocation Failure) done
Event: 115.185 Executing safepoint VM operation: ParallelGCFailedAllocation (Allocation Failure)
Event: 115.187 Executing safepoint VM operation: ParallelGCFailedAllocation (Allocation Failure) done
Event: 115.199 Executing safepoint VM operation: ParallelGCFailedAllocation (Allocation Failure)
Event: 115.201 Executing safepoint VM operation: ParallelGCFailedAllocation (Allocation Failure) done
Event: 115.211 Executing safepoint VM operation: ParallelGCFailedAllocation (Allocation Failure)
Event: 115.212 Executing safepoint VM operation: ParallelGCFailedAllocation (Allocation Failure) done
Event: 115.274 Executing safepoint VM operation: ParallelGCFailedAllocation (Allocation Failure)
Event: 115.275 Executing safepoint VM operation: ParallelGCFailedAllocation (Allocation Failure) done
Event: 115.329 Executing safepoint VM operation: ParallelGCFailedAllocation (Allocation Failure)
Event: 115.330 Executing safepoint VM operation: ParallelGCFailedAllocation (Allocation Failure) done
Event: 115.362 Executing safepoint VM operation: ParallelGCFailedAllocation (Allocation Failure)
Event: 115.364 Executing safepoint VM operation: ParallelGCFailedAllocation (Allocation Failure) done
Event: 115.416 Executing safepoint VM operation: ParallelGCFailedAllocation (Allocation Failure)
Event: 115.417 Executing safepoint VM operation: ParallelGCFailedAllocation (Allocation Failure) done
Event: 115.468 Executing safepoint VM operation: ParallelGCFailedAllocation (Allocation Failure)
Event: 115.469 Executing safepoint VM operation: ParallelGCFailedAllocation (Allocation Failure) done
Event: 116.471 Executing safepoint VM operation: Cleanup
Event: 116.472 Executing safepoint VM operation: Cleanup done
Event: 118.417 Executing safepoint VM operation: ParallelGCFailedAllocation (Allocation Failure)

Memory protections (0 events):
No events

Nmethod flushes (20 events):
Event: 112.173 Thread 0x0000024bc94440c0 flushing  nmethod 0x0000024bcdb62c10
Event: 112.173 Thread 0x0000024bc94440c0 flushing  nmethod 0x0000024bcdb9c010
Event: 112.173 Thread 0x0000024bc94440c0 flushing  nmethod 0x0000024bcdbaf310
Event: 112.173 Thread 0x0000024bc94440c0 flushing  nmethod 0x0000024bcdbb2690
Event: 112.173 Thread 0x0000024bc94440c0 flushing  nmethod 0x0000024bcdbb2a90
Event: 112.173 Thread 0x0000024bc94440c0 flushing  nmethod 0x0000024bcdbb3b10
Event: 112.173 Thread 0x0000024bc94440c0 flushing  nmethod 0x0000024bcdbc3510
Event: 112.173 Thread 0x0000024bc94440c0 flushing  nmethod 0x0000024bcdbc4b90
Event: 112.173 Thread 0x0000024bc94440c0 flushing  nmethod 0x0000024bcdbca090
Event: 112.173 Thread 0x0000024bc94440c0 flushing  nmethod 0x0000024bcdbe5490
Event: 112.173 Thread 0x0000024bc94440c0 flushing  nmethod 0x0000024bcdbedc10
Event: 112.173 Thread 0x0000024bc94440c0 flushing  nmethod 0x0000024bcdbf9390
Event: 112.173 Thread 0x0000024bc94440c0 flushing  nmethod 0x0000024bcdc0a910
Event: 112.173 Thread 0x0000024bc94440c0 flushing  nmethod 0x0000024bcdc0ac90
Event: 112.173 Thread 0x0000024bc94440c0 flushing  nmethod 0x0000024bcdc1d510
Event: 112.173 Thread 0x0000024bc94440c0 flushing  nmethod 0x0000024bcdc25190
Event: 112.173 Thread 0x0000024bc94440c0 flushing  nmethod 0x0000024bcdc58f10
Event: 112.173 Thread 0x0000024bc94440c0 flushing  nmethod 0x0000024bcdc5d410
Event: 112.173 Thread 0x0000024bc94440c0 flushing  nmethod 0x0000024bcdc5f790
Event: 112.173 Thread 0x0000024bc94440c0 flushing  nmethod 0x0000024bcdc6db90

Events (20 events):
Event: 112.273 Thread 0x0000028e43eaaeb0 Thread added: 0x0000028e515549e0
Event: 112.281 Thread 0x0000028e43eaaeb0 Thread added: 0x0000028e51558b80
Event: 112.295 Thread 0x0000028e43eaaeb0 Thread added: 0x0000028e5155b2e0
Event: 112.315 Thread 0x0000028e43eaaeb0 Thread added: 0x0000028e515584f0
Event: 112.317 Thread 0x0000028e43eaaeb0 Thread added: 0x0000028e51559210
Event: 112.356 Thread 0x0000028e43eaaeb0 Thread added: 0x0000028e515598a0
Event: 112.366 Thread 0x0000028e43eaaeb0 Thread added: 0x0000028e51559f30
Event: 112.371 Thread 0x0000028e43eaaeb0 Thread added: 0x0000028e5155a5c0
Event: 115.171 Thread 0x0000028e43eaf050 Thread added: 0x0000028e45997890
Event: 115.172 Thread 0x0000028e43eaf050 Thread added: 0x0000028e45997f20
Event: 115.172 Thread 0x0000028e43eaf050 Thread added: 0x0000028e45999960
Event: 115.172 Thread 0x0000028e43eaf050 Thread added: 0x0000028e459985b0
Event: 115.172 Thread 0x0000028e43eaf050 Thread added: 0x0000028e45996b70
Event: 115.218 Thread 0x0000028e45997890 Thread exited: 0x0000028e45997890
Event: 115.218 Thread 0x0000028e45999960 Thread exited: 0x0000028e45999960
Event: 115.218 Thread 0x0000028e45996b70 Thread exited: 0x0000028e45996b70
Event: 115.218 Thread 0x0000028e45997f20 Thread exited: 0x0000028e45997f20
Event: 115.218 Thread 0x0000028e459985b0 Thread exited: 0x0000028e459985b0
Event: 118.400 Thread 0x0000028e46eafd00 Thread exited: 0x0000028e46eafd00
Event: 118.400 Thread 0x0000028e46eaf630 Thread exited: 0x0000028e46eaf630


Dynamic libraries:
0x00007ff73af40000 - 0x00007ff73af4e000 	c:\Users\Rayeen\.vscode\extensions\redhat.java-1.56.0-win32-x64\jre\21.0.12.1-win32-x86_64\bin\java.exe
0x00007ff8d3420000 - 0x00007ff8d3687000 	C:\WINDOWS\SYSTEM32\ntdll.dll
0x00007ff8d3090000 - 0x00007ff8d315b000 	C:\WINDOWS\System32\KERNEL32.DLL
0x00007ff8d0a20000 - 0x00007ff8d0e22000 	C:\WINDOWS\System32\KERNELBASE.dll
0x00007ff8d08c0000 - 0x00007ff8d0a0c000 	C:\WINDOWS\System32\ucrtbase.dll
0x00007ff8c3430000 - 0x00007ff8c3448000 	c:\Users\Rayeen\.vscode\extensions\redhat.java-1.56.0-win32-x64\jre\21.0.12.1-win32-x86_64\bin\jli.dll
0x00007ff8d1ee0000 - 0x00007ff8d20af000 	C:\WINDOWS\System32\USER32.dll
0x00007ff8d1110000 - 0x00007ff8d1137000 	C:\WINDOWS\System32\win32u.dll
0x00007ff8d1eb0000 - 0x00007ff8d1edb000 	C:\WINDOWS\System32\GDI32.dll
0x00007ff8d0620000 - 0x00007ff8d0749000 	C:\WINDOWS\System32\gdi32full.dll
0x00007ff8d0750000 - 0x00007ff8d07f3000 	C:\WINDOWS\System32\msvcp_win.dll
0x00007ff8c34d0000 - 0x00007ff8c34ee000 	c:\Users\Rayeen\.vscode\extensions\redhat.java-1.56.0-win32-x64\jre\21.0.12.1-win32-x86_64\bin\VCRUNTIME140.dll
0x00007ff8a7a50000 - 0x00007ff8a7ce0000 	C:\WINDOWS\WinSxS\amd64_microsoft.windows.common-controls_6595b64144ccf1df_6.0.26100.9278_none_3e0d1ba8e3303201\COMCTL32.dll
0x00007ff8d14c0000 - 0x00007ff8d1569000 	C:\WINDOWS\System32\msvcrt.dll
0x00007ff8d33a0000 - 0x00007ff8d33d1000 	C:\WINDOWS\System32\IMM32.DLL
0x00007ff8c84f0000 - 0x00007ff8c84fc000 	c:\Users\Rayeen\.vscode\extensions\redhat.java-1.56.0-win32-x64\jre\21.0.12.1-win32-x86_64\bin\vcruntime140_1.dll
0x00007ff874290000 - 0x00007ff87431d000 	c:\Users\Rayeen\.vscode\extensions\redhat.java-1.56.0-win32-x64\jre\21.0.12.1-win32-x86_64\bin\msvcp140.dll
0x00007ff811660000 - 0x00007ff812402000 	c:\Users\Rayeen\.vscode\extensions\redhat.java-1.56.0-win32-x64\jre\21.0.12.1-win32-x86_64\bin\server\jvm.dll
0x00007ff8d1b70000 - 0x00007ff8d1c2c000 	C:\WINDOWS\System32\ADVAPI32.dll
0x00007ff8d1140000 - 0x00007ff8d11e9000 	C:\WINDOWS\System32\sechost.dll
0x00007ff8d31f0000 - 0x00007ff8d3308000 	C:\WINDOWS\System32\RPCRT4.dll
0x00007ff8d3310000 - 0x00007ff8d3390000 	C:\WINDOWS\System32\WS2_32.dll
0x00007ff8cf150000 - 0x00007ff8cf1ae000 	C:\WINDOWS\SYSTEM32\POWRPROF.dll
0x00007ff8bbfd0000 - 0x00007ff8bc006000 	C:\WINDOWS\SYSTEM32\WINMM.dll
0x00007ff8bbb30000 - 0x00007ff8bbb3b000 	C:\WINDOWS\SYSTEM32\VERSION.dll
0x00007ff8cf130000 - 0x00007ff8cf145000 	C:\WINDOWS\SYSTEM32\UMPDC.dll
0x00007ff8cf410000 - 0x00007ff8cf42b000 	C:\WINDOWS\SYSTEM32\kernel.appcore.dll
0x00007ff8c66b0000 - 0x00007ff8c66ba000 	c:\Users\Rayeen\.vscode\extensions\redhat.java-1.56.0-win32-x64\jre\21.0.12.1-win32-x86_64\bin\jimage.dll
0x00007ff8cdc80000 - 0x00007ff8cdecc000 	C:\WINDOWS\SYSTEM32\DBGHELP.DLL
0x00007ff8d2d00000 - 0x00007ff8d3085000 	C:\WINDOWS\System32\combase.dll
0x00007ff8d2900000 - 0x00007ff8d29d9000 	C:\WINDOWS\System32\OLEAUT32.dll
0x00007ff89c7e0000 - 0x00007ff89c81b000 	C:\WINDOWS\SYSTEM32\dbgcore.DLL
0x00007ff8d0800000 - 0x00007ff8d08ac000 	C:\WINDOWS\System32\bcryptPrimitives.dll
0x00007ff8c5c80000 - 0x00007ff8c5c8f000 	c:\Users\Rayeen\.vscode\extensions\redhat.java-1.56.0-win32-x64\jre\21.0.12.1-win32-x86_64\bin\instrument.dll
0x00007ff88f980000 - 0x00007ff88f9a0000 	c:\Users\Rayeen\.vscode\extensions\redhat.java-1.56.0-win32-x64\jre\21.0.12.1-win32-x86_64\bin\java.dll
0x00007ff8d2150000 - 0x00007ff8d28e8000 	C:\WINDOWS\System32\SHELL32.dll
0x00007ff8ce090000 - 0x00007ff8ce93e000 	C:\WINDOWS\SYSTEM32\windows.storage.dll
0x00007ff8d1a70000 - 0x00007ff8d1b6b000 	C:\WINDOWS\System32\SHCORE.dll
0x00007ff8d1570000 - 0x00007ff8d15d6000 	C:\WINDOWS\System32\shlwapi.dll
0x00007ff8d0540000 - 0x00007ff8d0569000 	C:\WINDOWS\SYSTEM32\profapi.dll
0x00007ff88f2a0000 - 0x00007ff88f2b8000 	c:\Users\Rayeen\.vscode\extensions\redhat.java-1.56.0-win32-x64\jre\21.0.12.1-win32-x86_64\bin\zip.dll
0x00007ff8c52c0000 - 0x00007ff8c52d0000 	C:\Users\Rayeen\.vscode\extensions\redhat.java-1.56.0-win32-x64\jre\21.0.12.1-win32-x86_64\bin\net.dll
0x00007ff8c5f00000 - 0x00007ff8c602a000 	C:\WINDOWS\SYSTEM32\WINHTTP.dll
0x00007ff8cf9d0000 - 0x00007ff8cfa3c000 	C:\WINDOWS\system32\mswsock.dll
0x00007ff88e5d0000 - 0x00007ff88e5e6000 	C:\Users\Rayeen\.vscode\extensions\redhat.java-1.56.0-win32-x64\jre\21.0.12.1-win32-x86_64\bin\nio.dll
0x00007ff8c5270000 - 0x00007ff8c5280000 	c:\Users\Rayeen\.vscode\extensions\redhat.java-1.56.0-win32-x64\jre\21.0.12.1-win32-x86_64\bin\verify.dll
0x00007ff87d790000 - 0x00007ff87d7d5000 	C:\Users\Rayeen\AppData\Roaming\Code\User\globalStorage\redhat.java\1.56.0\config_win\org.eclipse.equinox.launcher\org.eclipse.equinox.launcher.win32.win32.x86_64_1.3.100.v20260804-1928\eclipse_11924.dll
0x00007ff8d2a00000 - 0x00007ff8d2b9a000 	C:\WINDOWS\System32\ole32.dll
0x00007ff8cfcc0000 - 0x00007ff8cfcdb000 	C:\WINDOWS\SYSTEM32\CRYPTSP.dll
0x00007ff8cf370000 - 0x00007ff8cf3a9000 	C:\WINDOWS\system32\rsaenh.dll
0x00007ff8cfa80000 - 0x00007ff8cfab4000 	C:\WINDOWS\SYSTEM32\USERENV.dll
0x00007ff8d0510000 - 0x00007ff8d053a000 	C:\WINDOWS\SYSTEM32\bcrypt.dll
0x00007ff8cfce0000 - 0x00007ff8cfcec000 	C:\WINDOWS\SYSTEM32\CRYPTBASE.dll
0x00007ff8ced10000 - 0x00007ff8ced43000 	C:\WINDOWS\SYSTEM32\IPHLPAPI.DLL
0x00007ff8d28f0000 - 0x00007ff8d28fa000 	C:\WINDOWS\System32\NSI.dll
0x00007ff87c930000 - 0x00007ff87c979000 	C:\Users\Rayeen\AppData\Local\Temp\jna--1854090364\jna7856773425911645818.dll
0x00007ff8d31e0000 - 0x00007ff8d31e8000 	C:\WINDOWS\System32\PSAPI.DLL
0x00007ff8c6570000 - 0x00007ff8c658d000 	C:\WINDOWS\SYSTEM32\dhcpcsvc6.DLL
0x00007ff8c5b50000 - 0x00007ff8c5b75000 	C:\WINDOWS\SYSTEM32\dhcpcsvc.DLL

JVMTI agents:
c:\Users\Rayeen\.vscode\extensions\redhat.java-1.56.0-win32-x64\lombok\lombok-1.18.39-4050.jar path:c:\Users\Rayeen\.vscode\extensions\redhat.java-1.56.0-win32-x64\jre\21.0.12.1-win32-x86_64\bin\instrument.dll, loaded, initialized, instrumentlib options:none

dbghelp: loaded successfully - version: 4.0.5 - missing functions: none
symbol engine: initialized successfully - sym options: 0x614 - pdb path: .;c:\Users\Rayeen\.vscode\extensions\redhat.java-1.56.0-win32-x64\jre\21.0.12.1-win32-x86_64\bin;C:\WINDOWS\SYSTEM32;C:\WINDOWS\WinSxS\amd64_microsoft.windows.common-controls_6595b64144ccf1df_6.0.26100.9278_none_3e0d1ba8e3303201;c:\Users\Rayeen\.vscode\extensions\redhat.java-1.56.0-win32-x64\jre\21.0.12.1-win32-x86_64\bin\server;C:\Users\Rayeen\AppData\Roaming\Code\User\globalStorage\redhat.java\1.56.0\config_win\org.eclipse.equinox.launcher\org.eclipse.equinox.launcher.win32.win32.x86_64_1.3.100.v20260804-1928;C:\Users\Rayeen\AppData\Local\Temp\jna--1854090364

VM Arguments:
jvm_args: --add-modules=ALL-SYSTEM --add-opens=java.base/java.util=ALL-UNNAMED --add-opens=java.base/java.lang=ALL-UNNAMED --add-opens=java.base/sun.nio.fs=ALL-UNNAMED -Declipse.application=org.eclipse.jdt.ls.core.id1 -Dosgi.bundles.defaultStartLevel=4 -Declipse.product=org.eclipse.jdt.ls.core.product -Djava.import.generatesMetadataFilesAtProjectRoot=false -Dm2e.project.cache.size=50 -DDetectVMInstallationsJob.disabled=true -Dfile.encoding=utf8 -XX:+UseParallelGC -XX:GCTimeRatio=4 -XX:AdaptiveSizePolicyWeight=90 -Dsun.zip.disableMemoryMapping=true -Xmx256G -Xms100m -Xlog:disable -javaagent:c:\Users\Rayeen\.vscode\extensions\redhat.java-1.56.0-win32-x64\lombok\lombok-1.18.39-4050.jar -XX:+HeapDumpOnOutOfMemoryError -XX:HeapDumpPath=c:\Users\Rayeen\AppData\Roaming\Code\User\workspaceStorage\3e0dce75feae88b63fd089b9ae88c025\redhat.java -Daether.dependencyCollector.impl=bf 
java_command: c:\Users\Rayeen\.vscode\extensions\redhat.java-1.56.0-win32-x64\server\plugins\org.eclipse.equinox.launcher_1.8.0.v20260804-1928.jar -configuration c:\Users\Rayeen\AppData\Roaming\Code\User\globalStorage\redhat.java\1.56.0\config_win -data c:\Users\Rayeen\AppData\Roaming\Code\User\workspaceStorage\3e0dce75feae88b63fd089b9ae88c025\redhat.java\jdt_ws --pipe=\\.\pipe\lsp-b143fdd0680d12a25e33d1e1e535b2aa-sock
java_class_path (initial): c:\Users\Rayeen\.vscode\extensions\redhat.java-1.56.0-win32-x64\server\plugins\org.eclipse.equinox.launcher_1.8.0.v20260804-1928.jar
Launcher Type: SUN_STANDARD

[Global flags]
    uintx AdaptiveSizePolicyWeight                 = 90                                        {product} {command line}
     intx CICompilerCount                          = 4                                         {product} {ergonomic}
    uintx GCTimeRatio                              = 4                                         {product} {command line}
     bool HeapDumpOnOutOfMemoryError               = true                                   {manageable} {command line}
    ccstr HeapDumpPath                             = c:\Users\Rayeen\AppData\Roaming\Code\User\workspaceStorage\3e0dce75feae88b63fd089b9ae88c025\redhat.java         {manageable} {command line}
   size_t InitialHeapSize                          = 104857600                                 {product} {command line}
   size_t MaxHeapSize                              = 274877906944                              {product} {command line}
   size_t MaxNewSize                               = 91625619456                               {product} {ergonomic}
   size_t MinHeapDeltaBytes                        = 524288                                    {product} {ergonomic}
   size_t MinHeapSize                              = 104857600                                 {product} {command line}
   size_t NewSize                                  = 34603008                                  {product} {ergonomic}
    uintx NonNMethodCodeHeapSize                   = 5839372                                {pd product} {ergonomic}
    uintx NonProfiledCodeHeapSize                  = 122909434                              {pd product} {ergonomic}
   size_t OldSize                                  = 70254592                                  {product} {ergonomic}
    uintx ProfiledCodeHeapSize                     = 122909434                              {pd product} {ergonomic}
    uintx ReservedCodeCacheSize                    = 251658240                              {pd product} {ergonomic}
     bool SegmentedCodeCache                       = true                                      {product} {ergonomic}
   size_t SoftMaxHeapSize                          = 274877906944                           {manageable} {ergonomic}
     bool UseLargePagesIndividualAllocation        = false                                  {pd product} {ergonomic}
     bool UseParallelGC                            = true                                      {product} {command line}

Logging:
Log output configuration:
 #0: stdout all=off uptime,level,tags foldmultilines=false
 #1: stderr all=off uptime,level,tags foldmultilines=false

Release file:
JAVA_VERSION="21.0.12.1" 
MODULES="java.base java.compiler java.datatransfer java.xml java.prefs java.desktop java.instrument java.logging java.management java.security.sasl java.naming java.rmi java.management.rmi java.net.http java.scripting java.security.jgss java.transaction.xa java.sql java.sql.rowset java.xml.crypto java.se java.smartcardio jdk.accessibility jdk.internal.jvmstat jdk.attach jdk.charsets jdk.internal.opt jdk.zipfs jdk.compiler jdk.crypto.ec jdk.crypto.cryptoki jdk.crypto.mscapi jdk.dynalink jdk.internal.ed jdk.editpad jdk.hotspot.agent jdk.httpserver jdk.internal.le jdk.internal.vm.ci jdk.internal.vm.compiler jdk.internal.vm.compiler.management jdk.jartool jdk.javadoc jdk.jcmd jdk.management jdk.management.agent jdk.jconsole jdk.jdeps jdk.jdwp.agent jdk.jdi jdk.jfr jdk.jshell jdk.jsobject jdk.jstatd jdk.localedata jdk.management.jfr jdk.naming.dns jdk.naming.rmi jdk.net jdk.nio.mapmode jdk.random jdk.sctp jdk.security.auth jdk.security.jgss jdk.unsupported jdk.unsupported.desktop jdk.xml.dom" 

Environment Variables:
JAVA_HOME=C:\Program Files\Java\jdk-17
PATH=C:\Program Files\Java\jdk-17\bin;C:\Program Files\Common Files\Oracle\Java\javapath;C:\Windows\system32;C:\Windows;C:\Windows\System32\Wbem;C:\Windows\System32\WindowsPowerShell\v1.0\;C:\Windows\System32\OpenSSH\;C:\Program Files (x86)\NVIDIA Corporation\PhysX\Common;C:\msys64\mingw64\bin;C:\Users\Rayeen\AppData\Local\Pub\Cache\bin;C:\WINDOWS\system32;C:\WINDOWS;C:\WINDOWS\System32\Wbem;C:\WINDOWS\System32\WindowsPowerShell\v1.0\;C:\WINDOWS\System32\OpenSSH\;C:\msys64\mingw64\bin;C:\MinGW\bin;C:\Program Files\Git\cmd;C:\Program Files\apache-maven-3.9.11\bin;C:\Program Files\Docker\Docker\resources\bin;C:\flutter\bin;C:\Program Files\nodejs\;C:\Program Files (x86)\Windows Kits\10\Windows Performance Toolkit\;C:\Program Files\k6\;C:\Program Files\MySQL\MySQL Shell 8.0\bin\;C:\Program Files\Java\jdk-17\bin;C:\Users\Rayeen\AppData\Local\Microsoft\WindowsApps;C:\Program Files\JetBrains\IntelliJ IDEA 2024.1.2\bin;C:\Program Files\JetBrains\IntelliJ IDEA Community Edition 2024.1.2\bin;C:\Users\Rayeen\AppData\Local\Programs\Microsoft VS Code\bin;C:\msys64\mingw64\bin;C:\Users\Rayeen\AppData\Local\Microsoft\WinGet\Links;C:\Users\Rayeen\AppData\Local\JetBrains\Toolbox\scripts;C:\Users\Rayeen\AppData\Local\Microsoft\WindowsApps;C:\msys64\mingw64\bin;C:\msys64\ucrt64\bin;C:\Users\Rayeen\.bun\bin;C:\flutter\bin;C:\Users\Rayeen\AppData\Roaming\npm
USERNAME=Rayeen
OS=Windows_NT
PROCESSOR_IDENTIFIER=Intel64 Family 6 Model 186 Stepping 2, GenuineIntel
TMP=C:\Users\Rayeen\AppData\Local\Temp
TEMP=C:\Users\Rayeen\AppData\Local\Temp




Periodic native trim disabled

---------------  S Y S T E M  ---------------

OS:
 Windows 11 , 64 bit Build 26100 (10.0.26100.9444)
OS uptime: 0 days 22:33 hours
Hyper-V role detected

CPU: total 12 (initial active 12) (6 cores per cpu, 2 threads per core) family 6 model 186 stepping 2 microcode 0x5105, cx8, cmov, fxsr, ht, mmx, 3dnowpref, sse, sse2, sse3, ssse3, sse4.1, sse4.2, popcnt, lzcnt, tsc, tscinvbit, avx, avx2, aes, erms, clmul, bmi1, bmi2, adx, sha, fma, vzeroupper, clflush, clflushopt, clwb, hv, serialize, rdtscp, rdpid, fsrm, f16c, cet_ibt, cet_ss
Processor Information for processor 0
  Max Mhz: 2100, Current Mhz: 2100, Mhz Limit: 2100
Processor Information for processor 1
  Max Mhz: 2100, Current Mhz: 2100, Mhz Limit: 2100
Processor Information for processor 2
  Max Mhz: 2100, Current Mhz: 2100, Mhz Limit: 2100
Processor Information for processor 3
  Max Mhz: 2100, Current Mhz: 2100, Mhz Limit: 2100
Processor Information for processor 4
  Max Mhz: 2100, Current Mhz: 2100, Mhz Limit: 2100
Processor Information for processor 5
  Max Mhz: 2100, Current Mhz: 2100, Mhz Limit: 2100
Processor Information for processor 6
  Max Mhz: 2100, Current Mhz: 2100, Mhz Limit: 2100
Processor Information for processor 7
  Max Mhz: 2100, Current Mhz: 2100, Mhz Limit: 2100
Processor Information for processor 8
  Max Mhz: 2100, Current Mhz: 2100, Mhz Limit: 2100
Processor Information for processor 9
  Max Mhz: 2100, Current Mhz: 2100, Mhz Limit: 2100
Processor Information for processor 10
  Max Mhz: 2100, Current Mhz: 1540, Mhz Limit: 2100
Processor Information for processor 11
  Max Mhz: 2100, Current Mhz: 2100, Mhz Limit: 2100

Memory: 4k page, system-wide physical 16087M (36M free)
TotalPageFile size 59491M (AvailPageFile size 6M)
current process WorkingSet (physical memory assigned to process): 272M, peak: 536M
current process commit charge ("private bytes"): 9204M, peak: 9291M

vm_info: OpenJDK 64-Bit Server VM (21.0.12.1+1-LTS) for windows-amd64 JRE (21.0.12.1+1-LTS), built on 2026-08-18T00:00:00Z by "admin" with MS VC++ 17.12 (VS2022)

END.
